
==============================================================
  Perturbation ID: 4  —  sigma=1.0e-03 m, L=0.50 m, seed=4
==============================================================

Gaussian perturbation applied: sigma=1.0e-03 m, L=0.50 m, seed=4
B·n check:  mean |B·n|/|B| = 8.1855e-05,  max = 5.6174e-04
Interpolation grid: 64(R) × 128(φ) × 64(Z)
  error in B:        (0.0041265066358330445, 0.04653264085595024)
  error in GradAbsB: (0.3219361949169286, 4.13009939735486)
GPU interpolant built in 44.3s
Loaded 50000 particles from initial_conditions_cylindrical.txt
Signed-distance check: 10/50000 particles outside LCFS (sd min=-0.117  mean=0.601)
  Removed 10 outside particles; tracing 49990.
GPU tracing done in 300.21s

Perturbation    4 — Lost: 12/49990 (0.024%)
Results saved to /pscratch/sd/a/aknyazev/april1/gpu-mc-template/4_robustness/output/

==============================================================
  Perturbation ID: 6  —  sigma=1.0e-03 m, L=0.50 m, seed=6
==============================================================

Gaussian perturbation applied: sigma=1.0e-03 m, L=0.50 m, seed=6
B·n check:  mean |B·n|/|B| = 1.1014e-04,  max = 7.2984e-04
Interpolation grid: 64(R) × 128(φ) × 64(Z)
  error in B:        (0.003967061398189146, 0.04066691745057058)
  error in GradAbsB: (0.29128664298322304, 4.670047413103733)
GPU interpolant built in 41.6s
Loaded 50000 particles from initial_conditions_cylindrical.txt
Signed-distance check: 10/50000 particles outside LCFS (sd min=-0.117  mean=0.601)
  Removed 10 outside particles; tracing 49990.
GPU tracing done in 310.18s

Perturbation    6 — Lost: 16/49990 (0.032%)
Results saved to /pscratch/sd/a/aknyazev/april1/gpu-mc-template/4_robustness/output/

==============================================================
  Perturbation ID: 5  —  sigma=1.0e-03 m, L=0.50 m, seed=5
==============================================================

Gaussian perturbation applied: sigma=1.0e-03 m, L=0.50 m, seed=5
B·n check:  mean |B·n|/|B| = 8.7474e-05,  max = 4.8862e-04
Interpolation grid: 64(R) × 128(φ) × 64(Z)
  error in B:        (0.004139725696962335, 0.04131671454560443)
  error in GradAbsB: (0.33613497184164265, 4.707775018486764)
GPU interpolant built in 38.3s
Loaded 50000 particles from initial_conditions_cylindrical.txt
Signed-distance check: 10/50000 particles outside LCFS (sd min=-0.117  mean=0.601)
  Removed 10 outside particles; tracing 49990.
GPU tracing done in 306.11s

Perturbation    5 — Lost: 14/49990 (0.028%)
Results saved to /pscratch/sd/a/aknyazev/april1/gpu-mc-template/4_robustness/output/

==============================================================
  Perturbation ID: 7  —  sigma=1.0e-03 m, L=0.50 m, seed=7
==============================================================

Gaussian perturbation applied: sigma=1.0e-03 m, L=0.50 m, seed=7
B·n check:  mean |B·n|/|B| = 1.1957e-04,  max = 4.9624e-04
Interpolation grid: 64(R) × 128(φ) × 64(Z)
  error in B:        (0.003548848310379875, 0.04456492484724632)
  error in GradAbsB: (0.27787157390345074, 4.5371778240444804)
GPU interpolant built in 37.4s
Loaded 50000 particles from initial_conditions_cylindrical.txt
Signed-distance check: 10/50000 particles outside LCFS (sd min=-0.117  mean=0.601)
  Removed 10 outside particles; tracing 49990.
GPU tracing done in 307.61s

Perturbation    7 — Lost: 13/49990 (0.026%)
Results saved to /pscratch/sd/a/aknyazev/april1/gpu-mc-template/4_robustness/output/
