
==============================================================
  Perturbation ID: 12  —  sigma=1.0e-03 m, L=0.50 m, seed=12
==============================================================

Gaussian perturbation applied: sigma=1.0e-03 m, L=0.50 m, seed=12
B·n check:  mean |B·n|/|B| = 8.6351e-05,  max = 4.2315e-04
Interpolation grid: 64(R) × 128(φ) × 64(Z)
  error in B:        (0.004637499248330568, 0.04628983320749482)
  error in GradAbsB: (0.37158505319487745, 5.049635465752228)
GPU interpolant built in 40.5s
Loaded 50000 particles from initial_conditions_cylindrical.txt
Signed-distance check: 10/50000 particles outside LCFS (sd min=-0.117  mean=0.601)
  Removed 10 outside particles; tracing 49990.
GPU tracing done in 291.52s

Perturbation   12 — Lost: 11/49990 (0.022%)
Results saved to /pscratch/sd/a/aknyazev/april1/gpu-mc-template/4_robustness/output/

==============================================================
  Perturbation ID: 15  —  sigma=1.0e-03 m, L=0.50 m, seed=15
==============================================================

Gaussian perturbation applied: sigma=1.0e-03 m, L=0.50 m, seed=15
B·n check:  mean |B·n|/|B| = 8.0382e-05,  max = 4.3493e-04
Interpolation grid: 64(R) × 128(φ) × 64(Z)
  error in B:        (0.004196858006533494, 0.044382742994878474)
  error in GradAbsB: (0.3289382241234713, 4.921791937996996)
GPU interpolant built in 37.3s
Loaded 50000 particles from initial_conditions_cylindrical.txt
Signed-distance check: 10/50000 particles outside LCFS (sd min=-0.117  mean=0.601)
  Removed 10 outside particles; tracing 49990.
GPU tracing done in 294.87s

Perturbation   15 — Lost: 11/49990 (0.022%)
Results saved to /pscratch/sd/a/aknyazev/april1/gpu-mc-template/4_robustness/output/

==============================================================
  Perturbation ID: 13  —  sigma=1.0e-03 m, L=0.50 m, seed=13
==============================================================

Gaussian perturbation applied: sigma=1.0e-03 m, L=0.50 m, seed=13
B·n check:  mean |B·n|/|B| = 7.3227e-05,  max = 3.8202e-04
Interpolation grid: 64(R) × 128(φ) × 64(Z)
  error in B:        (0.004159598228449246, 0.04212649653348116)
  error in GradAbsB: (0.3146136375014752, 4.657090173807731)
GPU interpolant built in 40.7s
Loaded 50000 particles from initial_conditions_cylindrical.txt
Signed-distance check: 10/50000 particles outside LCFS (sd min=-0.117  mean=0.601)
  Removed 10 outside particles; tracing 49990.
GPU tracing done in 302.23s

Perturbation   13 — Lost: 12/49990 (0.024%)
Results saved to /pscratch/sd/a/aknyazev/april1/gpu-mc-template/4_robustness/output/

==============================================================
  Perturbation ID: 14  —  sigma=1.0e-03 m, L=0.50 m, seed=14
==============================================================

Gaussian perturbation applied: sigma=1.0e-03 m, L=0.50 m, seed=14
B·n check:  mean |B·n|/|B| = 1.1126e-04,  max = 6.4429e-04
Interpolation grid: 64(R) × 128(φ) × 64(Z)
  error in B:        (0.004387655488374109, 0.04606952115267815)
  error in GradAbsB: (0.3232989245379483, 5.55290559393417)
GPU interpolant built in 38.1s
Loaded 50000 particles from initial_conditions_cylindrical.txt
Signed-distance check: 10/50000 particles outside LCFS (sd min=-0.117  mean=0.601)
  Removed 10 outside particles; tracing 49990.
GPU tracing done in 313.86s

Perturbation   14 — Lost: 12/49990 (0.024%)
Results saved to /pscratch/sd/a/aknyazev/april1/gpu-mc-template/4_robustness/output/
