
==============================================================
  Perturbation ID: 9  —  sigma=1.0e-03 m, L=0.50 m, seed=9
==============================================================

Gaussian perturbation applied: sigma=1.0e-03 m, L=0.50 m, seed=9
B·n check:  mean |B·n|/|B| = 1.0477e-04,  max = 5.2648e-04
Interpolation grid: 64(R) × 128(φ) × 64(Z)
  error in B:        (0.00453050536195411, 0.04715990553650329)
  error in GradAbsB: (0.3794976295506296, 4.43795264823525)
GPU interpolant built in 47.9s
Loaded 50000 particles from initial_conditions_cylindrical.txt
Signed-distance check: 10/50000 particles outside LCFS (sd min=-0.117  mean=0.601)
  Removed 10 outside particles; tracing 49990.
GPU tracing done in 287.38s

Perturbation    9 — Lost: 12/49990 (0.024%)
Results saved to /pscratch/sd/a/aknyazev/april1/gpu-mc-template/4_robustness/output/

==============================================================
  Perturbation ID: 8  —  sigma=1.0e-03 m, L=0.50 m, seed=8
==============================================================

Gaussian perturbation applied: sigma=1.0e-03 m, L=0.50 m, seed=8
B·n check:  mean |B·n|/|B| = 8.9669e-05,  max = 4.1926e-04
Interpolation grid: 64(R) × 128(φ) × 64(Z)
  error in B:        (0.003958521499744443, 0.04170287829854874)
  error in GradAbsB: (0.27757266585953877, 5.111257660237486)
GPU interpolant built in 49.9s
Loaded 50000 particles from initial_conditions_cylindrical.txt
Signed-distance check: 10/50000 particles outside LCFS (sd min=-0.117  mean=0.601)
  Removed 10 outside particles; tracing 49990.
GPU tracing done in 294.90s

Perturbation    8 — Lost: 13/49990 (0.026%)
Results saved to /pscratch/sd/a/aknyazev/april1/gpu-mc-template/4_robustness/output/

==============================================================
  Perturbation ID: 10  —  sigma=1.0e-03 m, L=0.50 m, seed=10
==============================================================

Gaussian perturbation applied: sigma=1.0e-03 m, L=0.50 m, seed=10
B·n check:  mean |B·n|/|B| = 8.5471e-05,  max = 4.5005e-04
Interpolation grid: 64(R) × 128(φ) × 64(Z)
  error in B:        (0.0036346790501473256, 0.045751418887267505)
  error in GradAbsB: (0.26567894910049716, 4.689407877038325)
GPU interpolant built in 37.1s
Loaded 50000 particles from initial_conditions_cylindrical.txt
Signed-distance check: 10/50000 particles outside LCFS (sd min=-0.117  mean=0.601)
  Removed 10 outside particles; tracing 49990.
GPU tracing done in 294.88s

Perturbation   10 — Lost: 12/49990 (0.024%)
Results saved to /pscratch/sd/a/aknyazev/april1/gpu-mc-template/4_robustness/output/

==============================================================
  Perturbation ID: 11  —  sigma=1.0e-03 m, L=0.50 m, seed=11
==============================================================

Gaussian perturbation applied: sigma=1.0e-03 m, L=0.50 m, seed=11
B·n check:  mean |B·n|/|B| = 1.0812e-04,  max = 4.4884e-04
Interpolation grid: 64(R) × 128(φ) × 64(Z)
  error in B:        (0.005049487487508161, 0.048354794077616156)
  error in GradAbsB: (0.4367989975317048, 5.864610981030287)
GPU interpolant built in 43.0s
Loaded 50000 particles from initial_conditions_cylindrical.txt
Signed-distance check: 10/50000 particles outside LCFS (sd min=-0.117  mean=0.601)
  Removed 10 outside particles; tracing 49990.
GPU tracing done in 301.22s

Perturbation   11 — Lost: 13/49990 (0.026%)
Results saved to /pscratch/sd/a/aknyazev/april1/gpu-mc-template/4_robustness/output/
