
==============================================================
  Perturbation ID: 23  —  sigma=1.0e-03 m, L=0.50 m, seed=23
==============================================================

Gaussian perturbation applied: sigma=1.0e-03 m, L=0.50 m, seed=23
B·n check:  mean |B·n|/|B| = 9.6977e-05,  max = 4.4614e-04
Interpolation grid: 64(R) × 128(φ) × 64(Z)
  error in B:        (0.003872152537422735, 0.042661924221597106)
  error in GradAbsB: (0.28886110852175406, 4.765583520636288)
GPU interpolant built in 37.9s
Loaded 50000 particles from initial_conditions_cylindrical.txt
Signed-distance check: 10/50000 particles outside LCFS (sd min=-0.117  mean=0.601)
  Removed 10 outside particles; tracing 49990.
GPU tracing done in 280.37s

Perturbation   23 — Lost: 15/49990 (0.030%)
Results saved to /pscratch/sd/a/aknyazev/april1/gpu-mc-template/4_robustness/output/

==============================================================
  Perturbation ID: 22  —  sigma=1.0e-03 m, L=0.50 m, seed=22
==============================================================

Gaussian perturbation applied: sigma=1.0e-03 m, L=0.50 m, seed=22
B·n check:  mean |B·n|/|B| = 1.0495e-04,  max = 5.4856e-04
Interpolation grid: 64(R) × 128(φ) × 64(Z)
  error in B:        (0.004359081221858855, 0.0415359699613292)
  error in GradAbsB: (0.3152960900016675, 5.368474574892163)
GPU interpolant built in 38.2s
Loaded 50000 particles from initial_conditions_cylindrical.txt
Signed-distance check: 10/50000 particles outside LCFS (sd min=-0.117  mean=0.601)
  Removed 10 outside particles; tracing 49990.
GPU tracing done in 289.87s

Perturbation   22 — Lost: 13/49990 (0.026%)
Results saved to /pscratch/sd/a/aknyazev/april1/gpu-mc-template/4_robustness/output/

==============================================================
  Perturbation ID: 20  —  sigma=1.0e-03 m, L=0.50 m, seed=20
==============================================================

Gaussian perturbation applied: sigma=1.0e-03 m, L=0.50 m, seed=20
B·n check:  mean |B·n|/|B| = 9.1181e-05,  max = 6.0268e-04
Interpolation grid: 64(R) × 128(φ) × 64(Z)
  error in B:        (0.004158305928780085, 0.037675594410671503)
  error in GradAbsB: (0.37077259274043906, 5.221682934331021)
GPU interpolant built in 54.8s
Loaded 50000 particles from initial_conditions_cylindrical.txt
Signed-distance check: 10/50000 particles outside LCFS (sd min=-0.117  mean=0.601)
  Removed 10 outside particles; tracing 49990.
GPU tracing done in 298.56s

Perturbation   20 — Lost: 11/49990 (0.022%)
Results saved to /pscratch/sd/a/aknyazev/april1/gpu-mc-template/4_robustness/output/

==============================================================
  Perturbation ID: 21  —  sigma=1.0e-03 m, L=0.50 m, seed=21
==============================================================

Gaussian perturbation applied: sigma=1.0e-03 m, L=0.50 m, seed=21
B·n check:  mean |B·n|/|B| = 1.0158e-04,  max = 5.5852e-04
Interpolation grid: 64(R) × 128(φ) × 64(Z)
  error in B:        (0.003865835351305972, 0.05023492463131339)
  error in GradAbsB: (0.2815380367083451, 8.81430389812089)
GPU interpolant built in 38.9s
Loaded 50000 particles from initial_conditions_cylindrical.txt
Signed-distance check: 10/50000 particles outside LCFS (sd min=-0.117  mean=0.601)
  Removed 10 outside particles; tracing 49990.
GPU tracing done in 302.97s

Perturbation   21 — Lost: 10/49990 (0.020%)
Results saved to /pscratch/sd/a/aknyazev/april1/gpu-mc-template/4_robustness/output/
